[     235ms] [LOG] Initializing Google Analytics 4: G-0BJFXRKTYC @ https://practicesoftwaretesting.com/chunk-2ULIWDR5.js:0
[     244ms] [ERROR] ERROR TypeError: Cannot read properties of undefined (reading 'cart_items')
    at template (https://practicesoftwaretesting.com/chunk-VFZ57YP5.js:1:29496)
    at jm (https://practicesoftwaretesting.com/chunk-TKC3W22G.js:7:39700)
    at zC (https://practicesoftwaretesting.com/chunk-TKC3W22G.js:7:48997)
    at nd (https://practicesoftwaretesting.com/chunk-TKC3W22G.js:7:50165)
    at Jm (https://practicesoftwaretesting.com/chunk-TKC3W22G.js:7:49997)
    at qC (https://practicesoftwaretesting.com/chunk-TKC3W22G.js:7:49953)
    at Xm (https://practicesoftwaretesting.com/chunk-TKC3W22G.js:7:50344)
    at zC (https://practicesoftwaretesting.com/chunk-TKC3W22G.js:7:49352)
    at nd (https://practicesoftwaretesting.com/chunk-TKC3W22G.js:7:50165)
    at Jm (https://practicesoftwaretesting.com/chunk-TKC3W22G.js:7:49997) @ https://practicesoftwaretesting.com/chunk-TKC3W22G.js:6
[     246ms] [ERROR] ERROR TypeError: Cannot read properties of undefined (reading 'cart_items')
    at template (https://practicesoftwaretesting.com/chunk-VFZ57YP5.js:1:29496)
    at jm (https://practicesoftwaretesting.com/chunk-TKC3W22G.js:7:39700)
    at zC (https://practicesoftwaretesting.com/chunk-TKC3W22G.js:7:48997)
    at nd (https://practicesoftwaretesting.com/chunk-TKC3W22G.js:7:50165)
    at Jm (https://practicesoftwaretesting.com/chunk-TKC3W22G.js:7:49997)
    at qC (https://practicesoftwaretesting.com/chunk-TKC3W22G.js:7:49953)
    at Xm (https://practicesoftwaretesting.com/chunk-TKC3W22G.js:7:50344)
    at zC (https://practicesoftwaretesting.com/chunk-TKC3W22G.js:7:49352)
    at nd (https://practicesoftwaretesting.com/chunk-TKC3W22G.js:7:50165)
    at Jm (https://practicesoftwaretesting.com/chunk-TKC3W22G.js:7:49997) @ https://practicesoftwaretesting.com/chunk-TKC3W22G.js:6
[     249ms] [ERROR] ERROR TypeError: Cannot read properties of undefined (reading 'cart_items')
    at template (https://practicesoftwaretesting.com/chunk-VFZ57YP5.js:1:29496)
    at jm (https://practicesoftwaretesting.com/chunk-TKC3W22G.js:7:39700)
    at zC (https://practicesoftwaretesting.com/chunk-TKC3W22G.js:7:48997)
    at nd (https://practicesoftwaretesting.com/chunk-TKC3W22G.js:7:50165)
    at Jm (https://practicesoftwaretesting.com/chunk-TKC3W22G.js:7:49997)
    at qC (https://practicesoftwaretesting.com/chunk-TKC3W22G.js:7:49953)
    at Xm (https://practicesoftwaretesting.com/chunk-TKC3W22G.js:7:50344)
    at zC (https://practicesoftwaretesting.com/chunk-TKC3W22G.js:7:49352)
    at nd (https://practicesoftwaretesting.com/chunk-TKC3W22G.js:7:50165)
    at Jm (https://practicesoftwaretesting.com/chunk-TKC3W22G.js:7:49997) @ https://practicesoftwaretesting.com/chunk-TKC3W22G.js:6
[     250ms] [ERROR] ERROR TypeError: Cannot read properties of undefined (reading 'cart_items')
    at template (https://practicesoftwaretesting.com/chunk-VFZ57YP5.js:1:29496)
    at jm (https://practicesoftwaretesting.com/chunk-TKC3W22G.js:7:39700)
    at zC (https://practicesoftwaretesting.com/chunk-TKC3W22G.js:7:48997)
    at nd (https://practicesoftwaretesting.com/chunk-TKC3W22G.js:7:50165)
    at Jm (https://practicesoftwaretesting.com/chunk-TKC3W22G.js:7:49997)
    at qC (https://practicesoftwaretesting.com/chunk-TKC3W22G.js:7:49953)
    at Xm (https://practicesoftwaretesting.com/chunk-TKC3W22G.js:7:50344)
    at zC (https://practicesoftwaretesting.com/chunk-TKC3W22G.js:7:49352)
    at nd (https://practicesoftwaretesting.com/chunk-TKC3W22G.js:7:50165)
    at Jm (https://practicesoftwaretesting.com/chunk-TKC3W22G.js:7:49997) @ https://practicesoftwaretesting.com/chunk-TKC3W22G.js:6
[     270ms] [LOG] Google Analytics 4 ready for tracking @ https://practicesoftwaretesting.com/chunk-2ULIWDR5.js:0
[     271ms] [ERROR] ERROR TypeError: Cannot read properties of undefined (reading 'cart_items')
    at template (https://practicesoftwaretesting.com/chunk-VFZ57YP5.js:1:29496)
    at jm (https://practicesoftwaretesting.com/chunk-TKC3W22G.js:7:39700)
    at zC (https://practicesoftwaretesting.com/chunk-TKC3W22G.js:7:48997)
    at nd (https://practicesoftwaretesting.com/chunk-TKC3W22G.js:7:50165)
    at Jm (https://practicesoftwaretesting.com/chunk-TKC3W22G.js:7:49997)
    at qC (https://practicesoftwaretesting.com/chunk-TKC3W22G.js:7:49953)
    at Xm (https://practicesoftwaretesting.com/chunk-TKC3W22G.js:7:50344)
    at zC (https://practicesoftwaretesting.com/chunk-TKC3W22G.js:7:49352)
    at nd (https://practicesoftwaretesting.com/chunk-TKC3W22G.js:7:50165)
    at Jm (https://practicesoftwaretesting.com/chunk-TKC3W22G.js:7:49997) @ https://practicesoftwaretesting.com/chunk-TKC3W22G.js:6
[     273ms] [ERROR] ERROR TypeError: Cannot read properties of undefined (reading 'cart_items')
    at template (https://practicesoftwaretesting.com/chunk-VFZ57YP5.js:1:29496)
    at jm (https://practicesoftwaretesting.com/chunk-TKC3W22G.js:7:39700)
    at zC (https://practicesoftwaretesting.com/chunk-TKC3W22G.js:7:48997)
    at nd (https://practicesoftwaretesting.com/chunk-TKC3W22G.js:7:50165)
    at Jm (https://practicesoftwaretesting.com/chunk-TKC3W22G.js:7:49997)
    at qC (https://practicesoftwaretesting.com/chunk-TKC3W22G.js:7:49953)
    at Xm (https://practicesoftwaretesting.com/chunk-TKC3W22G.js:7:50344)
    at zC (https://practicesoftwaretesting.com/chunk-TKC3W22G.js:7:49352)
    at nd (https://practicesoftwaretesting.com/chunk-TKC3W22G.js:7:50165)
    at Jm (https://practicesoftwaretesting.com/chunk-TKC3W22G.js:7:49997) @ https://practicesoftwaretesting.com/chunk-TKC3W22G.js:6
[     274ms] [ERROR] ERROR TypeError: Cannot read properties of undefined (reading 'cart_items')
    at template (https://practicesoftwaretesting.com/chunk-VFZ57YP5.js:1:29496)
    at jm (https://practicesoftwaretesting.com/chunk-TKC3W22G.js:7:39700)
    at zC (https://practicesoftwaretesting.com/chunk-TKC3W22G.js:7:48997)
    at nd (https://practicesoftwaretesting.com/chunk-TKC3W22G.js:7:50165)
    at Jm (https://practicesoftwaretesting.com/chunk-TKC3W22G.js:7:49997)
    at qC (https://practicesoftwaretesting.com/chunk-TKC3W22G.js:7:49953)
    at Xm (https://practicesoftwaretesting.com/chunk-TKC3W22G.js:7:50344)
    at zC (https://practicesoftwaretesting.com/chunk-TKC3W22G.js:7:49352)
    at nd (https://practicesoftwaretesting.com/chunk-TKC3W22G.js:7:50165)
    at Jm (https://practicesoftwaretesting.com/chunk-TKC3W22G.js:7:49997) @ https://practicesoftwaretesting.com/chunk-TKC3W22G.js:6
[     275ms] [ERROR] ERROR TypeError: Cannot read properties of undefined (reading 'cart_items')
    at template (https://practicesoftwaretesting.com/chunk-VFZ57YP5.js:1:29496)
    at jm (https://practicesoftwaretesting.com/chunk-TKC3W22G.js:7:39700)
    at zC (https://practicesoftwaretesting.com/chunk-TKC3W22G.js:7:48997)
    at nd (https://practicesoftwaretesting.com/chunk-TKC3W22G.js:7:50165)
    at Jm (https://practicesoftwaretesting.com/chunk-TKC3W22G.js:7:49997)
    at qC (https://practicesoftwaretesting.com/chunk-TKC3W22G.js:7:49953)
    at Xm (https://practicesoftwaretesting.com/chunk-TKC3W22G.js:7:50344)
    at zC (https://practicesoftwaretesting.com/chunk-TKC3W22G.js:7:49352)
    at nd (https://practicesoftwaretesting.com/chunk-TKC3W22G.js:7:50165)
    at Jm (https://practicesoftwaretesting.com/chunk-TKC3W22G.js:7:49997) @ https://practicesoftwaretesting.com/chunk-TKC3W22G.js:6
[     275ms] [ERROR] ERROR TypeError: Cannot read properties of undefined (reading 'cart_items')
    at template (https://practicesoftwaretesting.com/chunk-VFZ57YP5.js:1:29496)
    at jm (https://practicesoftwaretesting.com/chunk-TKC3W22G.js:7:39700)
    at zC (https://practicesoftwaretesting.com/chunk-TKC3W22G.js:7:48997)
    at nd (https://practicesoftwaretesting.com/chunk-TKC3W22G.js:7:50165)
    at Jm (https://practicesoftwaretesting.com/chunk-TKC3W22G.js:7:49997)
    at qC (https://practicesoftwaretesting.com/chunk-TKC3W22G.js:7:49953)
    at Xm (https://practicesoftwaretesting.com/chunk-TKC3W22G.js:7:50344)
    at zC (https://practicesoftwaretesting.com/chunk-TKC3W22G.js:7:49352)
    at nd (https://practicesoftwaretesting.com/chunk-TKC3W22G.js:7:50165)
    at Jm (https://practicesoftwaretesting.com/chunk-TKC3W22G.js:7:49997) @ https://practicesoftwaretesting.com/chunk-TKC3W22G.js:6
[     275ms] [ERROR] ERROR TypeError: Cannot read properties of undefined (reading 'cart_items')
    at template (https://practicesoftwaretesting.com/chunk-VFZ57YP5.js:1:29496)
    at jm (https://practicesoftwaretesting.com/chunk-TKC3W22G.js:7:39700)
    at zC (https://practicesoftwaretesting.com/chunk-TKC3W22G.js:7:48997)
    at nd (https://practicesoftwaretesting.com/chunk-TKC3W22G.js:7:50165)
    at Jm (https://practicesoftwaretesting.com/chunk-TKC3W22G.js:7:49997)
    at qC (https://practicesoftwaretesting.com/chunk-TKC3W22G.js:7:49953)
    at Xm (https://practicesoftwaretesting.com/chunk-TKC3W22G.js:7:50344)
    at zC (https://practicesoftwaretesting.com/chunk-TKC3W22G.js:7:49352)
    at nd (https://practicesoftwaretesting.com/chunk-TKC3W22G.js:7:50165)
    at Jm (https://practicesoftwaretesting.com/chunk-TKC3W22G.js:7:49997) @ https://practicesoftwaretesting.com/chunk-TKC3W22G.js:6
[     276ms] [ERROR] ERROR TypeError: Cannot read properties of undefined (reading 'cart_items')
    at template (https://practicesoftwaretesting.com/chunk-VFZ57YP5.js:1:29496)
    at jm (https://practicesoftwaretesting.com/chunk-TKC3W22G.js:7:39700)
    at zC (https://practicesoftwaretesting.com/chunk-TKC3W22G.js:7:48997)
    at nd (https://practicesoftwaretesting.com/chunk-TKC3W22G.js:7:50165)
    at Jm (https://practicesoftwaretesting.com/chunk-TKC3W22G.js:7:49997)
    at qC (https://practicesoftwaretesting.com/chunk-TKC3W22G.js:7:49953)
    at Xm (https://practicesoftwaretesting.com/chunk-TKC3W22G.js:7:50344)
    at zC (https://practicesoftwaretesting.com/chunk-TKC3W22G.js:7:49352)
    at nd (https://practicesoftwaretesting.com/chunk-TKC3W22G.js:7:50165)
    at Jm (https://practicesoftwaretesting.com/chunk-TKC3W22G.js:7:49997) @ https://practicesoftwaretesting.com/chunk-TKC3W22G.js:6
[     276ms] [ERROR] ERROR TypeError: Cannot read properties of undefined (reading 'cart_items')
    at template (https://practicesoftwaretesting.com/chunk-VFZ57YP5.js:1:29496)
    at jm (https://practicesoftwaretesting.com/chunk-TKC3W22G.js:7:39700)
    at zC (https://practicesoftwaretesting.com/chunk-TKC3W22G.js:7:48997)
    at nd (https://practicesoftwaretesting.com/chunk-TKC3W22G.js:7:50165)
    at Jm (https://practicesoftwaretesting.com/chunk-TKC3W22G.js:7:49997)
    at qC (https://practicesoftwaretesting.com/chunk-TKC3W22G.js:7:49953)
    at Xm (https://practicesoftwaretesting.com/chunk-TKC3W22G.js:7:50344)
    at zC (https://practicesoftwaretesting.com/chunk-TKC3W22G.js:7:49352)
    at nd (https://practicesoftwaretesting.com/chunk-TKC3W22G.js:7:50165)
    at Jm (https://practicesoftwaretesting.com/chunk-TKC3W22G.js:7:49997) @ https://practicesoftwaretesting.com/chunk-TKC3W22G.js:6
[     276ms] [ERROR] ERROR TypeError: Cannot read properties of undefined (reading 'cart_items')
    at template (https://practicesoftwaretesting.com/chunk-VFZ57YP5.js:1:29496)
    at jm (https://practicesoftwaretesting.com/chunk-TKC3W22G.js:7:39700)
    at zC (https://practicesoftwaretesting.com/chunk-TKC3W22G.js:7:48997)
    at nd (https://practicesoftwaretesting.com/chunk-TKC3W22G.js:7:50165)
    at Jm (https://practicesoftwaretesting.com/chunk-TKC3W22G.js:7:49997)
    at qC (https://practicesoftwaretesting.com/chunk-TKC3W22G.js:7:49953)
    at Xm (https://practicesoftwaretesting.com/chunk-TKC3W22G.js:7:50344)
    at zC (https://practicesoftwaretesting.com/chunk-TKC3W22G.js:7:49352)
    at nd (https://practicesoftwaretesting.com/chunk-TKC3W22G.js:7:50165)
    at Jm (https://practicesoftwaretesting.com/chunk-TKC3W22G.js:7:49997) @ https://practicesoftwaretesting.com/chunk-TKC3W22G.js:6
[     277ms] [ERROR] ERROR TypeError: Cannot read properties of undefined (reading 'cart_items')
    at template (https://practicesoftwaretesting.com/chunk-VFZ57YP5.js:1:29496)
    at jm (https://practicesoftwaretesting.com/chunk-TKC3W22G.js:7:39700)
    at zC (https://practicesoftwaretesting.com/chunk-TKC3W22G.js:7:48997)
    at nd (https://practicesoftwaretesting.com/chunk-TKC3W22G.js:7:50165)
    at Jm (https://practicesoftwaretesting.com/chunk-TKC3W22G.js:7:49997)
    at qC (https://practicesoftwaretesting.com/chunk-TKC3W22G.js:7:49953)
    at Xm (https://practicesoftwaretesting.com/chunk-TKC3W22G.js:7:50344)
    at zC (https://practicesoftwaretesting.com/chunk-TKC3W22G.js:7:49352)
    at nd (https://practicesoftwaretesting.com/chunk-TKC3W22G.js:7:50165)
    at Jm (https://practicesoftwaretesting.com/chunk-TKC3W22G.js:7:49997) @ https://practicesoftwaretesting.com/chunk-TKC3W22G.js:6
[     277ms] [ERROR] ERROR TypeError: Cannot read properties of undefined (reading 'cart_items')
    at template (https://practicesoftwaretesting.com/chunk-VFZ57YP5.js:1:29496)
    at jm (https://practicesoftwaretesting.com/chunk-TKC3W22G.js:7:39700)
    at zC (https://practicesoftwaretesting.com/chunk-TKC3W22G.js:7:48997)
    at nd (https://practicesoftwaretesting.com/chunk-TKC3W22G.js:7:50165)
    at Jm (https://practicesoftwaretesting.com/chunk-TKC3W22G.js:7:49997)
    at qC (https://practicesoftwaretesting.com/chunk-TKC3W22G.js:7:49953)
    at Xm (https://practicesoftwaretesting.com/chunk-TKC3W22G.js:7:50344)
    at zC (https://practicesoftwaretesting.com/chunk-TKC3W22G.js:7:49352)
    at nd (https://practicesoftwaretesting.com/chunk-TKC3W22G.js:7:50165)
    at Jm (https://practicesoftwaretesting.com/chunk-TKC3W22G.js:7:49997) @ https://practicesoftwaretesting.com/chunk-TKC3W22G.js:6
[     283ms] [ERROR] ERROR TypeError: Cannot read properties of undefined (reading 'cart_items')
    at template (https://practicesoftwaretesting.com/chunk-VFZ57YP5.js:1:29496)
    at jm (https://practicesoftwaretesting.com/chunk-TKC3W22G.js:7:39700)
    at zC (https://practicesoftwaretesting.com/chunk-TKC3W22G.js:7:48997)
    at nd (https://practicesoftwaretesting.com/chunk-TKC3W22G.js:7:50165)
    at Jm (https://practicesoftwaretesting.com/chunk-TKC3W22G.js:7:49997)
    at qC (https://practicesoftwaretesting.com/chunk-TKC3W22G.js:7:49953)
    at Xm (https://practicesoftwaretesting.com/chunk-TKC3W22G.js:7:50344)
    at zC (https://practicesoftwaretesting.com/chunk-TKC3W22G.js:7:49352)
    at nd (https://practicesoftwaretesting.com/chunk-TKC3W22G.js:7:50165)
    at Jm (https://practicesoftwaretesting.com/chunk-TKC3W22G.js:7:49997) @ https://practicesoftwaretesting.com/chunk-TKC3W22G.js:6
[     283ms] [ERROR] ERROR TypeError: Cannot read properties of undefined (reading 'cart_items')
    at template (https://practicesoftwaretesting.com/chunk-VFZ57YP5.js:1:29496)
    at jm (https://practicesoftwaretesting.com/chunk-TKC3W22G.js:7:39700)
    at zC (https://practicesoftwaretesting.com/chunk-TKC3W22G.js:7:48997)
    at nd (https://practicesoftwaretesting.com/chunk-TKC3W22G.js:7:50165)
    at Jm (https://practicesoftwaretesting.com/chunk-TKC3W22G.js:7:49997)
    at qC (https://practicesoftwaretesting.com/chunk-TKC3W22G.js:7:49953)
    at Xm (https://practicesoftwaretesting.com/chunk-TKC3W22G.js:7:50344)
    at zC (https://practicesoftwaretesting.com/chunk-TKC3W22G.js:7:49352)
    at nd (https://practicesoftwaretesting.com/chunk-TKC3W22G.js:7:50165)
    at Jm (https://practicesoftwaretesting.com/chunk-TKC3W22G.js:7:49997) @ https://practicesoftwaretesting.com/chunk-TKC3W22G.js:6
[     283ms] [ERROR] ERROR TypeError: Cannot read properties of undefined (reading 'cart_items')
    at template (https://practicesoftwaretesting.com/chunk-VFZ57YP5.js:1:29496)
    at jm (https://practicesoftwaretesting.com/chunk-TKC3W22G.js:7:39700)
    at zC (https://practicesoftwaretesting.com/chunk-TKC3W22G.js:7:48997)
    at nd (https://practicesoftwaretesting.com/chunk-TKC3W22G.js:7:50165)
    at Jm (https://practicesoftwaretesting.com/chunk-TKC3W22G.js:7:49997)
    at qC (https://practicesoftwaretesting.com/chunk-TKC3W22G.js:7:49953)
    at Xm (https://practicesoftwaretesting.com/chunk-TKC3W22G.js:7:50344)
    at zC (https://practicesoftwaretesting.com/chunk-TKC3W22G.js:7:49352)
    at nd (https://practicesoftwaretesting.com/chunk-TKC3W22G.js:7:50165)
    at Jm (https://practicesoftwaretesting.com/chunk-TKC3W22G.js:7:49997) @ https://practicesoftwaretesting.com/chunk-TKC3W22G.js:6
[     284ms] [ERROR] ERROR TypeError: Cannot read properties of undefined (reading 'cart_items')
    at template (https://practicesoftwaretesting.com/chunk-VFZ57YP5.js:1:29496)
    at jm (https://practicesoftwaretesting.com/chunk-TKC3W22G.js:7:39700)
    at zC (https://practicesoftwaretesting.com/chunk-TKC3W22G.js:7:48997)
    at nd (https://practicesoftwaretesting.com/chunk-TKC3W22G.js:7:50165)
    at Jm (https://practicesoftwaretesting.com/chunk-TKC3W22G.js:7:49997)
    at qC (https://practicesoftwaretesting.com/chunk-TKC3W22G.js:7:49953)
    at Xm (https://practicesoftwaretesting.com/chunk-TKC3W22G.js:7:50344)
    at zC (https://practicesoftwaretesting.com/chunk-TKC3W22G.js:7:49352)
    at nd (https://practicesoftwaretesting.com/chunk-TKC3W22G.js:7:50165)
    at Jm (https://practicesoftwaretesting.com/chunk-TKC3W22G.js:7:49997) @ https://practicesoftwaretesting.com/chunk-TKC3W22G.js:6
[     284ms] [ERROR] ERROR TypeError: Cannot read properties of undefined (reading 'cart_items')
    at template (https://practicesoftwaretesting.com/chunk-VFZ57YP5.js:1:29496)
    at jm (https://practicesoftwaretesting.com/chunk-TKC3W22G.js:7:39700)
    at zC (https://practicesoftwaretesting.com/chunk-TKC3W22G.js:7:48997)
    at nd (https://practicesoftwaretesting.com/chunk-TKC3W22G.js:7:50165)
    at Jm (https://practicesoftwaretesting.com/chunk-TKC3W22G.js:7:49997)
    at qC (https://practicesoftwaretesting.com/chunk-TKC3W22G.js:7:49953)
    at Xm (https://practicesoftwaretesting.com/chunk-TKC3W22G.js:7:50344)
    at zC (https://practicesoftwaretesting.com/chunk-TKC3W22G.js:7:49352)
    at nd (https://practicesoftwaretesting.com/chunk-TKC3W22G.js:7:50165)
    at Jm (https://practicesoftwaretesting.com/chunk-TKC3W22G.js:7:49997) @ https://practicesoftwaretesting.com/chunk-TKC3W22G.js:6
[     284ms] [ERROR] ERROR TypeError: Cannot read properties of undefined (reading 'cart_items')
    at template (https://practicesoftwaretesting.com/chunk-VFZ57YP5.js:1:29496)
    at jm (https://practicesoftwaretesting.com/chunk-TKC3W22G.js:7:39700)
    at zC (https://practicesoftwaretesting.com/chunk-TKC3W22G.js:7:48997)
    at nd (https://practicesoftwaretesting.com/chunk-TKC3W22G.js:7:50165)
    at Jm (https://practicesoftwaretesting.com/chunk-TKC3W22G.js:7:49997)
    at qC (https://practicesoftwaretesting.com/chunk-TKC3W22G.js:7:49953)
    at Xm (https://practicesoftwaretesting.com/chunk-TKC3W22G.js:7:50344)
    at zC (https://practicesoftwaretesting.com/chunk-TKC3W22G.js:7:49352)
    at nd (https://practicesoftwaretesting.com/chunk-TKC3W22G.js:7:50165)
    at Jm (https://practicesoftwaretesting.com/chunk-TKC3W22G.js:7:49997) @ https://practicesoftwaretesting.com/chunk-TKC3W22G.js:6
[     285ms] [ERROR] ERROR TypeError: Cannot read properties of undefined (reading 'cart_items')
    at template (https://practicesoftwaretesting.com/chunk-VFZ57YP5.js:1:29496)
    at jm (https://practicesoftwaretesting.com/chunk-TKC3W22G.js:7:39700)
    at zC (https://practicesoftwaretesting.com/chunk-TKC3W22G.js:7:48997)
    at nd (https://practicesoftwaretesting.com/chunk-TKC3W22G.js:7:50165)
    at Jm (https://practicesoftwaretesting.com/chunk-TKC3W22G.js:7:49997)
    at qC (https://practicesoftwaretesting.com/chunk-TKC3W22G.js:7:49953)
    at Xm (https://practicesoftwaretesting.com/chunk-TKC3W22G.js:7:50344)
    at zC (https://practicesoftwaretesting.com/chunk-TKC3W22G.js:7:49352)
    at nd (https://practicesoftwaretesting.com/chunk-TKC3W22G.js:7:50165)
    at Jm (https://practicesoftwaretesting.com/chunk-TKC3W22G.js:7:49997) @ https://practicesoftwaretesting.com/chunk-TKC3W22G.js:6
[     285ms] [ERROR] ERROR TypeError: Cannot read properties of undefined (reading 'cart_items')
    at template (https://practicesoftwaretesting.com/chunk-VFZ57YP5.js:1:29496)
    at jm (https://practicesoftwaretesting.com/chunk-TKC3W22G.js:7:39700)
    at zC (https://practicesoftwaretesting.com/chunk-TKC3W22G.js:7:48997)
    at nd (https://practicesoftwaretesting.com/chunk-TKC3W22G.js:7:50165)
    at Jm (https://practicesoftwaretesting.com/chunk-TKC3W22G.js:7:49997)
    at qC (https://practicesoftwaretesting.com/chunk-TKC3W22G.js:7:49953)
    at Xm (https://practicesoftwaretesting.com/chunk-TKC3W22G.js:7:50344)
    at zC (https://practicesoftwaretesting.com/chunk-TKC3W22G.js:7:49352)
    at nd (https://practicesoftwaretesting.com/chunk-TKC3W22G.js:7:50165)
    at Jm (https://practicesoftwaretesting.com/chunk-TKC3W22G.js:7:49997) @ https://practicesoftwaretesting.com/chunk-TKC3W22G.js:6
[     286ms] [ERROR] ERROR TypeError: Cannot read properties of undefined (reading 'cart_items')
    at template (https://practicesoftwaretesting.com/chunk-VFZ57YP5.js:1:29496)
    at jm (https://practicesoftwaretesting.com/chunk-TKC3W22G.js:7:39700)
    at zC (https://practicesoftwaretesting.com/chunk-TKC3W22G.js:7:48997)
    at nd (https://practicesoftwaretesting.com/chunk-TKC3W22G.js:7:50165)
    at Jm (https://practicesoftwaretesting.com/chunk-TKC3W22G.js:7:49997)
    at qC (https://practicesoftwaretesting.com/chunk-TKC3W22G.js:7:49953)
    at Xm (https://practicesoftwaretesting.com/chunk-TKC3W22G.js:7:50344)
    at zC (https://practicesoftwaretesting.com/chunk-TKC3W22G.js:7:49352)
    at nd (https://practicesoftwaretesting.com/chunk-TKC3W22G.js:7:50165)
    at Jm (https://practicesoftwaretesting.com/chunk-TKC3W22G.js:7:49997) @ https://practicesoftwaretesting.com/chunk-TKC3W22G.js:6
[     286ms] [ERROR] ERROR TypeError: Cannot read properties of undefined (reading 'cart_items')
    at template (https://practicesoftwaretesting.com/chunk-VFZ57YP5.js:1:29496)
    at jm (https://practicesoftwaretesting.com/chunk-TKC3W22G.js:7:39700)
    at zC (https://practicesoftwaretesting.com/chunk-TKC3W22G.js:7:48997)
    at nd (https://practicesoftwaretesting.com/chunk-TKC3W22G.js:7:50165)
    at Jm (https://practicesoftwaretesting.com/chunk-TKC3W22G.js:7:49997)
    at qC (https://practicesoftwaretesting.com/chunk-TKC3W22G.js:7:49953)
    at Xm (https://practicesoftwaretesting.com/chunk-TKC3W22G.js:7:50344)
    at zC (https://practicesoftwaretesting.com/chunk-TKC3W22G.js:7:49352)
    at nd (https://practicesoftwaretesting.com/chunk-TKC3W22G.js:7:50165)
    at Jm (https://practicesoftwaretesting.com/chunk-TKC3W22G.js:7:49997) @ https://practicesoftwaretesting.com/chunk-TKC3W22G.js:6
[     287ms] [ERROR] ERROR TypeError: Cannot read properties of undefined (reading 'cart_items')
    at template (https://practicesoftwaretesting.com/chunk-VFZ57YP5.js:1:29496)
    at jm (https://practicesoftwaretesting.com/chunk-TKC3W22G.js:7:39700)
    at zC (https://practicesoftwaretesting.com/chunk-TKC3W22G.js:7:48997)
    at nd (https://practicesoftwaretesting.com/chunk-TKC3W22G.js:7:50165)
    at Jm (https://practicesoftwaretesting.com/chunk-TKC3W22G.js:7:49997)
    at qC (https://practicesoftwaretesting.com/chunk-TKC3W22G.js:7:49953)
    at Xm (https://practicesoftwaretesting.com/chunk-TKC3W22G.js:7:50344)
    at zC (https://practicesoftwaretesting.com/chunk-TKC3W22G.js:7:49352)
    at nd (https://practicesoftwaretesting.com/chunk-TKC3W22G.js:7:50165)
    at Jm (https://practicesoftwaretesting.com/chunk-TKC3W22G.js:7:49997) @ https://practicesoftwaretesting.com/chunk-TKC3W22G.js:6
[     287ms] [ERROR] ERROR TypeError: Cannot read properties of undefined (reading 'cart_items')
    at template (https://practicesoftwaretesting.com/chunk-VFZ57YP5.js:1:29496)
    at jm (https://practicesoftwaretesting.com/chunk-TKC3W22G.js:7:39700)
    at zC (https://practicesoftwaretesting.com/chunk-TKC3W22G.js:7:48997)
    at nd (https://practicesoftwaretesting.com/chunk-TKC3W22G.js:7:50165)
    at Jm (https://practicesoftwaretesting.com/chunk-TKC3W22G.js:7:49997)
    at qC (https://practicesoftwaretesting.com/chunk-TKC3W22G.js:7:49953)
    at Xm (https://practicesoftwaretesting.com/chunk-TKC3W22G.js:7:50344)
    at zC (https://practicesoftwaretesting.com/chunk-TKC3W22G.js:7:49352)
    at nd (https://practicesoftwaretesting.com/chunk-TKC3W22G.js:7:50165)
    at Jm (https://practicesoftwaretesting.com/chunk-TKC3W22G.js:7:49997) @ https://practicesoftwaretesting.com/chunk-TKC3W22G.js:6
[     288ms] [ERROR] ERROR TypeError: Cannot read properties of undefined (reading 'cart_items')
    at template (https://practicesoftwaretesting.com/chunk-VFZ57YP5.js:1:29496)
    at jm (https://practicesoftwaretesting.com/chunk-TKC3W22G.js:7:39700)
    at zC (https://practicesoftwaretesting.com/chunk-TKC3W22G.js:7:48997)
    at nd (https://practicesoftwaretesting.com/chunk-TKC3W22G.js:7:50165)
    at Jm (https://practicesoftwaretesting.com/chunk-TKC3W22G.js:7:49997)
    at qC (https://practicesoftwaretesting.com/chunk-TKC3W22G.js:7:49953)
    at Xm (https://practicesoftwaretesting.com/chunk-TKC3W22G.js:7:50344)
    at zC (https://practicesoftwaretesting.com/chunk-TKC3W22G.js:7:49352)
    at nd (https://practicesoftwaretesting.com/chunk-TKC3W22G.js:7:50165)
    at Jm (https://practicesoftwaretesting.com/chunk-TKC3W22G.js:7:49997) @ https://practicesoftwaretesting.com/chunk-TKC3W22G.js:6
[     346ms] [ERROR] Failed to load resource: the server responded with a status of 401 (Unauthorized) @ https://api.practicesoftwaretesting.com/users/me:0
[     347ms] [ERROR] ERROR TypeError: Cannot read properties of undefined (reading 'cart_items')
    at template (https://practicesoftwaretesting.com/chunk-VFZ57YP5.js:1:29496)
    at jm (https://practicesoftwaretesting.com/chunk-TKC3W22G.js:7:39700)
    at zC (https://practicesoftwaretesting.com/chunk-TKC3W22G.js:7:48997)
    at nd (https://practicesoftwaretesting.com/chunk-TKC3W22G.js:7:50165)
    at Jm (https://practicesoftwaretesting.com/chunk-TKC3W22G.js:7:49997)
    at qC (https://practicesoftwaretesting.com/chunk-TKC3W22G.js:7:49953)
    at Xm (https://practicesoftwaretesting.com/chunk-TKC3W22G.js:7:50344)
    at zC (https://practicesoftwaretesting.com/chunk-TKC3W22G.js:7:49352)
    at nd (https://practicesoftwaretesting.com/chunk-TKC3W22G.js:7:50165)
    at Jm (https://practicesoftwaretesting.com/chunk-TKC3W22G.js:7:49997) @ https://practicesoftwaretesting.com/chunk-TKC3W22G.js:6
[     347ms] [ERROR] ERROR TypeError: Cannot read properties of undefined (reading 'cart_items')
    at template (https://practicesoftwaretesting.com/chunk-VFZ57YP5.js:1:29496)
    at jm (https://practicesoftwaretesting.com/chunk-TKC3W22G.js:7:39700)
    at zC (https://practicesoftwaretesting.com/chunk-TKC3W22G.js:7:48997)
    at nd (https://practicesoftwaretesting.com/chunk-TKC3W22G.js:7:50165)
    at Jm (https://practicesoftwaretesting.com/chunk-TKC3W22G.js:7:49997)
    at qC (https://practicesoftwaretesting.com/chunk-TKC3W22G.js:7:49953)
    at Xm (https://practicesoftwaretesting.com/chunk-TKC3W22G.js:7:50344)
    at zC (https://practicesoftwaretesting.com/chunk-TKC3W22G.js:7:49352)
    at nd (https://practicesoftwaretesting.com/chunk-TKC3W22G.js:7:50165)
    at Jm (https://practicesoftwaretesting.com/chunk-TKC3W22G.js:7:49997) @ https://practicesoftwaretesting.com/chunk-TKC3W22G.js:6
[     348ms] [ERROR] ERROR TypeError: Cannot read properties of undefined (reading 'cart_items')
    at template (https://practicesoftwaretesting.com/chunk-VFZ57YP5.js:1:29496)
    at jm (https://practicesoftwaretesting.com/chunk-TKC3W22G.js:7:39700)
    at zC (https://practicesoftwaretesting.com/chunk-TKC3W22G.js:7:48997)
    at nd (https://practicesoftwaretesting.com/chunk-TKC3W22G.js:7:50165)
    at Jm (https://practicesoftwaretesting.com/chunk-TKC3W22G.js:7:49997)
    at qC (https://practicesoftwaretesting.com/chunk-TKC3W22G.js:7:49953)
    at Xm (https://practicesoftwaretesting.com/chunk-TKC3W22G.js:7:50344)
    at zC (https://practicesoftwaretesting.com/chunk-TKC3W22G.js:7:49352)
    at nd (https://practicesoftwaretesting.com/chunk-TKC3W22G.js:7:50165)
    at Jm (https://practicesoftwaretesting.com/chunk-TKC3W22G.js:7:49997) @ https://practicesoftwaretesting.com/chunk-TKC3W22G.js:6
[     348ms] [ERROR] ERROR {message: Unauthorized} @ https://practicesoftwaretesting.com/chunk-TKC3W22G.js:6
[     516ms] [ERROR] Failed to load resource: the server responded with a status of 401 (Unauthorized) @ https://api.practicesoftwaretesting.com/users/me:0
[     517ms] [ERROR] ERROR TypeError: Cannot read properties of undefined (reading 'cart_items')
    at template (https://practicesoftwaretesting.com/chunk-VFZ57YP5.js:1:29496)
    at jm (https://practicesoftwaretesting.com/chunk-TKC3W22G.js:7:39700)
    at zC (https://practicesoftwaretesting.com/chunk-TKC3W22G.js:7:48997)
    at nd (https://practicesoftwaretesting.com/chunk-TKC3W22G.js:7:50165)
    at Jm (https://practicesoftwaretesting.com/chunk-TKC3W22G.js:7:49997)
    at qC (https://practicesoftwaretesting.com/chunk-TKC3W22G.js:7:49953)
    at Xm (https://practicesoftwaretesting.com/chunk-TKC3W22G.js:7:50344)
    at zC (https://practicesoftwaretesting.com/chunk-TKC3W22G.js:7:49352)
    at nd (https://practicesoftwaretesting.com/chunk-TKC3W22G.js:7:50165)
    at Jm (https://practicesoftwaretesting.com/chunk-TKC3W22G.js:7:49997) @ https://practicesoftwaretesting.com/chunk-TKC3W22G.js:6
[     517ms] [ERROR] ERROR TypeError: Cannot read properties of undefined (reading 'cart_items')
    at template (https://practicesoftwaretesting.com/chunk-VFZ57YP5.js:1:29496)
    at jm (https://practicesoftwaretesting.com/chunk-TKC3W22G.js:7:39700)
    at zC (https://practicesoftwaretesting.com/chunk-TKC3W22G.js:7:48997)
    at nd (https://practicesoftwaretesting.com/chunk-TKC3W22G.js:7:50165)
    at Jm (https://practicesoftwaretesting.com/chunk-TKC3W22G.js:7:49997)
    at qC (https://practicesoftwaretesting.com/chunk-TKC3W22G.js:7:49953)
    at Xm (https://practicesoftwaretesting.com/chunk-TKC3W22G.js:7:50344)
    at zC (https://practicesoftwaretesting.com/chunk-TKC3W22G.js:7:49352)
    at nd (https://practicesoftwaretesting.com/chunk-TKC3W22G.js:7:50165)
    at Jm (https://practicesoftwaretesting.com/chunk-TKC3W22G.js:7:49997) @ https://practicesoftwaretesting.com/chunk-TKC3W22G.js:6
[     659ms] [ERROR] Failed to load resource: the server responded with a status of 401 (Unauthorized) @ https://api.practicesoftwaretesting.com/users/me:0
[     661ms] [ERROR] ERROR {message: Unauthorized} @ https://practicesoftwaretesting.com/chunk-TKC3W22G.js:6
[     662ms] [VERBOSE] [DOM] Input elements should have autocomplete attributes (suggested: "current-password"): (More info: https://goo.gl/9p2vKq) %o @ https://practicesoftwaretesting.com/checkout:0
[     828ms] [ERROR] Failed to load resource: the server responded with a status of 401 (Unauthorized) @ https://api.practicesoftwaretesting.com/users/me:0
[     833ms] [ERROR] ERROR {message: Unauthorized} @ https://practicesoftwaretesting.com/chunk-TKC3W22G.js:6
[    3840ms] [WARNING] The resource https://practicesoftwaretesting.com/assets/img/barn-2400x1600.avif was preloaded using link preload but not used within a few seconds from the window's load event. Please make sure it has an appropriate `as` value and it is preloaded intentionally. @ https://practicesoftwaretesting.com/checkout:0
[    8349ms] [WARNING] The resource https://practicesoftwaretesting.com/assets/img/barn-2400x1600.avif was preloaded using link preload but not used within a few seconds from the window's load event. Please make sure it has an appropriate `as` value and it is preloaded intentionally. @ https://practicesoftwaretesting.com/checkout:0
[   17325ms] [WARNING] The resource https://practicesoftwaretesting.com/assets/img/barn-2400x1600.avif was preloaded using link preload but not used within a few seconds from the window's load event. Please make sure it has an appropriate `as` value and it is preloaded intentionally. @ https://practicesoftwaretesting.com/checkout:0
[   34585ms] [WARNING] The resource https://practicesoftwaretesting.com/assets/img/barn-2400x1600.avif was preloaded using link preload but not used within a few seconds from the window's load event. Please make sure it has an appropriate `as` value and it is preloaded intentionally. @ https://practicesoftwaretesting.com/checkout:0
[   64969ms] [WARNING] The resource https://practicesoftwaretesting.com/assets/img/barn-2400x1600.avif was preloaded using link preload but not used within a few seconds from the window's load event. Please make sure it has an appropriate `as` value and it is preloaded intentionally. @ https://practicesoftwaretesting.com/checkout:0
